// Jest Snapshot v1, https://goo.gl/fbAQLP

exports[`MiniCart component should match snapshot 1`] = `
Object {
  "container": <div>
    <div
      class="vtex-minicart__item pa4 shadow-4 flex items-center justify-center"
    >
      <span
        class="f5"
      >
        Your bag is empty! :(
      </span>
    </div>
  </div>,
  "getAllByAltText": [Function],
  "getAllByLabelText": [Function],
  "getAllByPlaceholderText": [Function],
  "getAllByTestId": [Function],
  "getAllByText": [Function],
  "getAllByTitle": [Function],
  "getByAltText": [Function],
  "getByLabelText": [Function],
  "getByPlaceholderText": [Function],
  "getByTestId": [Function],
  "getByText": [Function],
  "getByTitle": [Function],
  "queryAllByAltText": [Function],
  "queryAllByLabelText": [Function],
  "queryAllByPlaceholderText": [Function],
  "queryAllByTestId": [Function],
  "queryAllByText": [Function],
  "queryAllByTitle": [Function],
  "queryByAltText": [Function],
  "queryByLabelText": [Function],
  "queryByPlaceholderText": [Function],
  "queryByTestId": [Function],
  "queryByText": [Function],
  "queryByTitle": [Function],
  "rerender": [Function],
  "unmount": [Function],
}
`;
